E:/Steeam/steamapps/common/Besiege/Besiege_Data/Mods/SpaarModLoader.dll
E:/Steeam/steamapps/common/Besiege/Besiege_Data/Managed/Assembly-UnityScript.dll
E:/Steeam/steamapps/common/Besiege/Besiege_Data/Managed/Assembly-UnityScript-firstpass.dll
E:/Steeam/steamapps/common/Besiege/Besiege_Data/Managed/Assembly-CSharp.dll
E:/Steeam/steamapps/common/Besiege/Besiege_Data/Managed/Assembly-CSharp-firstpass.dll
E:/Steeam/steamapps/common/Besiege/Besiege_Data/Managed/UnityEngine.dll
E:/Steeam/steamapps/common/Besiege/Besiege_Data/Managed/System.dll